// Jest Snapshot v1, https://goo.gl/fbAQLP

exports[`The QuestionItem component should contain the correct number of components 1`] = `
<div>
  <div
    className="quiz-page-item"
    key="3"
  >
    <pre
      className="quiz-manager-entity-text"
    >
      A. 
    </pre>
    <AnswerItem
      answer={
        Object {
          "id": 3,
          "isCorrect": true,
          "text": "Answer 1",
        }
      }
    />
  </div>
</div>
`;
